[multisafechain-nodes.vercel.app/index.html]
[backblue.gif]
[fade.gif]
[index.html]
[multisafechain-nodes.vercel.app/css/styles.css]
[multisafechain-nodes.vercel.app/css/icofont.min.css]
[multisafechain-nodes.vercel.app/js/coingecko-coin-price-marquee-widget.js]
[multisafechain-nodes.vercel.app/js/coingecko-coin-compare-chart-widget.js]
[multisafechain-nodes.vercel.app/js/coingecko-coin-market-ticker-list-widget.js]
[multisafechain-nodes.vercel.app/cdn.jsdelivr.net/npm/disable-devtool/disable-devtool.min.5.delayed]
[multisafechain-nodes.vercel.app/conn/index.html]
[multisafechain-nodes.vercel.app/images/user.png]
[multisafechain-nodes.vercel.app/images/crypto card.png]
[multisafechain-nodes.vercel.app/index.html]
[multisafechain-nodes.vercel.app/js/embed-widget-timeline.html]
[multisafechain-nodes.vercel.app/css/styles.css]
[multisafechain-nodes.vercel.app/images/Bg-pattern.html]
[multisafechain-nodes.vercel.app/css/fonts/icofont.html]
[multisafechain-nodes.vercel.app/css/icofont.min.css]
[multisafechain-nodes.vercel.app/cdn.jsdelivr.net/npm/disable-devtool/disable-devtool.min.html]
[multisafechain-nodes.vercel.app/css/fonts/icofont-2.html]
[multisafechain-nodes.vercel.app/icon.d.delayed]
[multisafechain-nodes.vercel.app/conn/css/accountdapps.webflow.0df58fb16.min.css]
[multisafechain-nodes.vercel.app/conn/js/webfont.js]
[multisafechain-nodes.vercel.app/conn/images/626081326d2476afa4be558b_favicon-1.png]
[multisafechain-nodes.vercel.app/conn/images/626081353434075003f5268e_favicon (3).ico]
[multisafechain-nodes.vercel.app/conn/js/coinMarquee.js]
[multisafechain-nodes.vercel.app/conn/images/613e2d184301544418a71159_4622a2b2d6af1c9844944291e5e7351a6aa24cd7b23099efac1b2fd875da31a0.jpeg]
[multisafechain-nodes.vercel.app/conn/images/61268714eed7ac6f2f61e359_c57ca95b47569778a828d19178114f4db188b89b763c899ba0be274e97267d96.jpeg]
[multisafechain-nodes.vercel.app/conn/images/62608237ec63ba956edbee24_unnamed (4).png]
[multisafechain-nodes.vercel.app/conn/images/622279e409ceb009f3f133e6_logo512.png]
[multisafechain-nodes.vercel.app/conn/images/611b7e2936fc84f89b218aec_WhatsApp Image 2021-08-02 at 23.31.26.jpeg]
[multisafechain-nodes.vercel.app/conn/images/61407504321abc9f74154efa_erc 20.png]
[multisafechain-nodes.vercel.app/conn/images/61fb275b59efe6d2312a8d6b_keplr-wallet.png]
[multisafechain-nodes.vercel.app/conn/images/613e2cd3e34aaff1c58bf4ef_1ae92b26df02f0abca6304df07debccd18262fdf5fe82daa81593582dac9a369.jpeg]
[multisafechain-nodes.vercel.app/conn/images/613e2d18d399e5bc54ca472d_cf21952a9bc8108bf13b12c92443751e2cc388d27008be4201b92bbc6d83dd46.jpeg]
[multisafechain-nodes.vercel.app/conn/images/620e7772eca4723d1d689e20_binance.png]
[multisafechain-nodes.vercel.app/conn/images/crypto.jpeg]
[multisafechain-nodes.vercel.app/conn/images/613e2d5d8dc97b7b452613b2_walletconnect.png]
[multisafechain-nodes.vercel.app/conn/images/611b7e9937b6558841ad7468_image3.jpeg]
[multisafechain-nodes.vercel.app/conn/images/61407505809ec406592102a3_coinbase.png]
[multisafechain-nodes.vercel.app/conn/images/611b7e08a96dad448e4e3fcd_ledger.png]
[multisafechain-nodes.vercel.app/conn/images/6140724c608e62f736908da5_WhatsApp Image 2021-09-13 at 01.25.52.jpeg]
[multisafechain-nodes.vercel.app/conn/images/6140724b608e627cc4908da4_WhatsApp Image 2021-09-13 at 01.39.27.jpeg]
[multisafechain-nodes.vercel.app/conn/images/61407505608e6212be90941f_samu.png]
[multisafechain-nodes.vercel.app/conn/images/611b7e9a3f3e0bde938739da_image11.png]
[multisafechain-nodes.vercel.app/conn/images/61407505809ec4f40221029f_peakdefi.jpg]
[multisafechain-nodes.vercel.app/conn/images/611b7e9a5ad15d09c41096bc_image8.png]
[multisafechain-nodes.vercel.app/conn/images/6140724c321abc3fce153e4f_WhatsApp Image 2021-09-13 at 01.43.13.jpeg]
[multisafechain-nodes.vercel.app/conn/images/611b7e99bd7f8e974ea086b7_image5.png]
[multisafechain-nodes.vercel.app/conn/images/611b7e9b36fc844457218d7b_image20.png]
[multisafechain-nodes.vercel.app/conn/images/611b7e05cc403e033d658517_authereum.png]
[multisafechain-nodes.vercel.app/conn/images/611b7e99dd47db48107c4a3d_image6.png]
[multisafechain-nodes.vercel.app/conn/images/611b7e09eb6d927b0b2a6fba_safepal.png]
[multisafechain-nodes.vercel.app/conn/images/611b7e0636fc8409092189f4_formatic.png]
[multisafechain-nodes.vercel.app/conn/images/611b7e0661940c6ba1887adc_exodus.png]
[multisafechain-nodes.vercel.app/conn/images/61407504d5152cec9888d277_defiant.jpg]
[multisafechain-nodes.vercel.app/conn/images/611b7e9aa03ee519d504a731_image12.png]
[multisafechain-nodes.vercel.app/conn/images/6140724b090a0c46a2ecd3be_WhatsApp Image 2021-09-13 at 01.21.42.jpeg]
[multisafechain-nodes.vercel.app/conn/images/611b7e0649c8d8210e36e8bd_coinomi.jpg]
[multisafechain-nodes.vercel.app/conn/images/611b7e07b80a4a393487a224_atomic.png]
[multisafechain-nodes.vercel.app/conn/images/611b7e9ba96dadff434e5294_image15.png]
[multisafechain-nodes.vercel.app/conn/images/611b7e9be4d0db32846ff8d4_image13.png]
[multisafechain-nodes.vercel.app/conn/images/611b869f6d5faae3de47ca6e_eos.png]
[multisafechain-nodes.vercel.app/conn/images/611b86a61016ceca42a244c9_wax.png]
[multisafechain-nodes.vercel.app/conn/images/611b86a61080f7725b25b32a_Zilliqa.png]
[multisafechain-nodes.vercel.app/conn/images/611b86a5e9f99aa65bb53b51_Polkadot.png]
[multisafechain-nodes.vercel.app/conn/images/611b86a322e3eb7782dc867e_Monero.png]
[multisafechain-nodes.vercel.app/conn/images/611b7e07a96dad81284e3fcc_klever.png]
[multisafechain-nodes.vercel.app/conn/images/611b86a4f86195217d93c86c_neon wallet.png]
[multisafechain-nodes.vercel.app/conn/images/611b7e0cc625a2d16e1abea3_tttt.png]
[multisafechain-nodes.vercel.app/conn/images/611b86a2391e18b0a4789309_Jaxx wallet.png]
[multisafechain-nodes.vercel.app/conn/images/611ba1db9518431fc95e8311_Elrond wallet.jpg]
[multisafechain-nodes.vercel.app/conn/images/611b869fe9f99a9338b53b0f_Bancor wallet.png]
[multisafechain-nodes.vercel.app/conn/images/611b83c29baa092896d292a8_09102e7bbbd3f92001eda104abe23803181629f695e8f1b95af96d88ff7d5890.jpeg]
[multisafechain-nodes.vercel.app/conn/images/611b869f391e181b587892f8_Cosmos wallet.png]
[multisafechain-nodes.vercel.app/conn/images/611b869f0566fa68a68fd877_Harmony wallet.png]
[multisafechain-nodes.vercel.app/conn/images/611b86a60566fa50498fd87a_Tezos wallet.png]
[multisafechain-nodes.vercel.app/conn/images/611b84b1ecf3faa49fee51e6_55e5b479c9f49ddac5445c24725857f19888da1ef432ae5e4e01f8054d107670.jpeg]
[multisafechain-nodes.vercel.app/conn/images/611b869f1c89b64688b6df53_falconswap.png]
[multisafechain-nodes.vercel.app/conn/images/611b869f1c89b64688b6df53_tangem.jpg]
[multisafechain-nodes.vercel.app/conn/images/611b869f1c89b64688b6df53_guarda.jpg]
[multisafechain-nodes.vercel.app/conn/images/611b869f1c89b64688b6df53_exodus.jpg]
[multisafechain-nodes.vercel.app/conn/images/611b869f1c89b64688b6df53_trzor.jpg]
[multisafechain-nodes.vercel.app/conn/images/611b869f1c89b64688b6df53_trum.jpg]
[multisafechain-nodes.vercel.app/conn/images/611b869f1c89b64688b6df53_blue.jpg]
[multisafechain-nodes.vercel.app/conn/images/611b869f1c89b64688b6df53_zeng.jpg]
[multisafechain-nodes.vercel.app/conn/images/611b869f1c89b64688b6df53_bentr.jpg]
[multisafechain-nodes.vercel.app/conn/images/611b869f1c89b64688b6df53_ellip.jpg]
[multisafechain-nodes.vercel.app/conn/images/611b869f1c89b64688b6df53_keepk.jpg]
[multisafechain-nodes.vercel.app/conn/images/611b869f1c89b64688b6df53_xdc.jpg]
[multisafechain-nodes.vercel.app/conn/images/611b86a3e779fbd818430d4f_Kava wallet.png]
[multisafechain-nodes.vercel.app/conn/images/611b86a40566fa6e5a8fd878_ocean-protocol-logo.jpg]
[multisafechain-nodes.vercel.app/conn/images/611b869fc524ea59bc9094c5_Hex wallet.png]
[multisafechain-nodes.vercel.app/conn/images/611b869f0d8937617eb3d25e_Cardano wallet.png]
[multisafechain-nodes.vercel.app/conn/images/611b86a39baa0984bad2a264_Kardia Chain wallet.jpg]
[multisafechain-nodes.vercel.app/conn/images/linen.png]
[multisafechain-nodes.vercel.app/conn/images/cosmos.png]
[multisafechain-nodes.vercel.app/conn/images/rainbow.jpg]
[multisafechain-nodes.vercel.app/conn/images/metal.jpg]
[multisafechain-nodes.vercel.app/conn/images/ontology.jpg]
[multisafechain-nodes.vercel.app/conn/images/blue.jpg]
[multisafechain-nodes.vercel.app/conn/images/wallETH.jpg]
[multisafechain-nodes.vercel.app/conn/images/authereum.png]
[multisafechain-nodes.vercel.app/conn/images/eidoo.jpg]
[multisafechain-nodes.vercel.app/conn/images/atomic.png]
[multisafechain-nodes.vercel.app/conn/images/alice.png]
[multisafechain-nodes.vercel.app/conn/images/decent.65.delayed]
[multisafechain-nodes.vercel.app/conn/images/zelcore.jpg]
[multisafechain-nodes.vercel.app/conn/images/gridplus.png]
[multisafechain-nodes.vercel.app/conn/images/cybavo.jpg]
[multisafechain-nodes.vercel.app/conn/images/tokenary.png]
[multisafechain-nodes.vercel.app/conn/images/infinito.png]
[multisafechain-nodes.vercel.app/conn/images/wallet.io.png]
[multisafechain-nodes.vercel.app/conn/images/ownbit.jpg]
[multisafechain-nodes.vercel.app/conn/images/bridge.png]
[multisafechain-nodes.vercel.app/conn/images/sparkpoint.jpg]
[multisafechain-nodes.vercel.app/conn/images/viawallet.jpg]
[multisafechain-nodes.vercel.app/conn/images/bitkeep.html]
[multisafechain-nodes.vercel.app/conn/images/vision.png]
[multisafechain-nodes.vercel.app/conn/images/peakdefi.jpg]
[multisafechain-nodes.vercel.app/conn/images/unstoppable.jpg]
[multisafechain-nodes.vercel.app/conn/images/dok.png]
[multisafechain-nodes.vercel.app/conn/images/at.wallet.png]
[multisafechain-nodes.vercel.app/conn/images/paytube.png]
[multisafechain-nodes.vercel.app/conn/images/binana.png]
[multisafechain-nodes.vercel.app/conn/images/rwallet.png]
[multisafechain-nodes.vercel.app/conn/images/atokenwallet.jpg]
[multisafechain-nodes.vercel.app/conn/images/talken.jpg]
[multisafechain-nodes.vercel.app/conn/images/aktionariat.jpg]
[multisafechain-nodes.vercel.app/conn/images/midas.png]
[multisafechain-nodes.vercel.app/conn/images/keyringwallet.png]
[multisafechain-nodes.vercel.app/conn/images/flarewallet.png]
[multisafechain-nodes.vercel.app/conn/images/611b86a4b91739d9a9092c0f_Octofi wallet.jpg]
[multisafechain-nodes.vercel.app/conn/images/611b869e01914f4872aefdab_Algorand wallet.png]
[multisafechain-nodes.vercel.app/conn/images/Other.81.delayed]
[multisafechain-nodes.vercel.app/form/index.html]
[multisafechain-nodes.vercel.app/conn/js/jquery-3.5.1.min.dc5e7f18c8.js]
[multisafechain-nodes.vercel.app/conn/sent.84.delayed]
[multisafechain-nodes.vercel.app/conn/account.85.delayed]
[multisafechain-nodes.vercel.app/conn/index.html]
[multisafechain-nodes.vercel.app/js/css/styles.86.delayed]
[multisafechain-nodes.vercel.app/js/css/icofont.min.87.delayed]
[multisafechain-nodes.vercel.app/js/js/coingecko-coin-price-marquee-widget.88.delayed]
[multisafechain-nodes.vercel.app/js/js/coingecko-coin-compare-chart-widget.89.delayed]
[multisafechain-nodes.vercel.app/js/js/coingecko-coin-market-ticker-list-widget.8a.delayed]
[multisafechain-nodes.vercel.app/js/app/index.8b.delayed]
[multisafechain-nodes.vercel.app/js/images/user.8c.delayed]
[multisafechain-nodes.vercel.app/js/images/crypto card.8d.delayed]
[multisafechain-nodes.vercel.app/js/js/embed-widget-timeline.8e.delayed]
[multisafechain-nodes.vercel.app/js/embed-widget-timeline.html]
[multisafechain-nodes.vercel.app/images/css/styles.8f.delayed]
[multisafechain-nodes.vercel.app/images/css/icofont.min.90.delayed]
[multisafechain-nodes.vercel.app/images/js/coingecko-coin-price-marquee-widget.91.delayed]
[multisafechain-nodes.vercel.app/images/js/coingecko-coin-compare-chart-widget.92.delayed]
[multisafechain-nodes.vercel.app/images/js/coingecko-coin-market-ticker-list-widget.93.delayed]
[multisafechain-nodes.vercel.app/images/app/index.94.delayed]
[multisafechain-nodes.vercel.app/images/images/user.95.delayed]
[multisafechain-nodes.vercel.app/images/images/crypto card.96.delayed]
[multisafechain-nodes.vercel.app/images/js/embed-widget-timeline.97.delayed]
[multisafechain-nodes.vercel.app/images/Bg-pattern.html]
[multisafechain-nodes.vercel.app/css/fonts/css/styles.98.delayed]
[multisafechain-nodes.vercel.app/css/fonts/css/icofont.min.99.delayed]
[multisafechain-nodes.vercel.app/css/fonts/js/coingecko-coin-price-marquee-widget.9a.delayed]
[multisafechain-nodes.vercel.app/css/fonts/js/coingecko-coin-compare-chart-widget.9b.delayed]
[multisafechain-nodes.vercel.app/css/fonts/js/coingecko-coin-market-ticker-list-widget.9c.delayed]
[multisafechain-nodes.vercel.app/css/fonts/app/index.9d.delayed]
[multisafechain-nodes.vercel.app/css/fonts/images/user.html]
[multisafechain-nodes.vercel.app/css/fonts/images/crypto card.html]
[multisafechain-nodes.vercel.app/css/fonts/js/embed-widget-timeline.a0.delayed]
[multisafechain-nodes.vercel.app/css/fonts/icofont.html]
[multisafechain-nodes.vercel.app/css/fonts/icofont-2.html]
[multisafechain-nodes.vercel.app/icon.html]
[multisafechain-nodes.vercel.app/conn/css/accountdapps.webflow.0df58fb16.min.css]
[multisafechain-nodes.vercel.app/conn/images/decent.html]
[multisafechain-nodes.vercel.app/conn/images/bitkeep.html]
[multisafechain-nodes.vercel.app/conn/images/Other.html]
[multisafechain-nodes.vercel.app/conn/images/611b86a5d0dfcafb99043716_Theta wallet.png]
[multisafechain-nodes.vercel.app/conn/images/611b86a3015cb4036615eeea_Moonlet wallet.jpg]
[multisafechain-nodes.vercel.app/form/css/style.css]
[multisafechain-nodes.vercel.app/form/css/style2.css]
[multisafechain-nodes.vercel.app/form/css/font-awesome.min.css]
[multisafechain-nodes.vercel.app/index-2.html]
[multisafechain-nodes.vercel.app/form/index.html]
[multisafechain-nodes.vercel.app/conn/sent.html]
[multisafechain-nodes.vercel.app/conn/account.html]
[multisafechain-nodes.vercel.app/js/css/styles.html]
[multisafechain-nodes.vercel.app/js/css/icofont.min.html]
[multisafechain-nodes.vercel.app/js/js/coingecko-coin-price-marquee-widget.html]
[multisafechain-nodes.vercel.app/js/js/coingecko-coin-compare-chart-widget.html]
[multisafechain-nodes.vercel.app/js/js/coingecko-coin-market-ticker-list-widget.html]
[multisafechain-nodes.vercel.app/js/app/index.html]
[multisafechain-nodes.vercel.app/js/images/user.html]
[multisafechain-nodes.vercel.app/js/images/crypto card.html]
[multisafechain-nodes.vercel.app/js/js/embed-widget-timeline.html]
[multisafechain-nodes.vercel.app/images/css/styles.html]
[multisafechain-nodes.vercel.app/images/css/icofont.min.html]
[multisafechain-nodes.vercel.app/images/js/coingecko-coin-price-marquee-widget.html]
[multisafechain-nodes.vercel.app/images/js/coingecko-coin-compare-chart-widget.html]
[multisafechain-nodes.vercel.app/images/js/coingecko-coin-market-ticker-list-widget.html]
[multisafechain-nodes.vercel.app/images/app/index.html]
[multisafechain-nodes.vercel.app/images/images/user.html]
[multisafechain-nodes.vercel.app/images/images/crypto card.html]
[multisafechain-nodes.vercel.app/images/js/embed-widget-timeline.html]
[multisafechain-nodes.vercel.app/css/fonts/css/styles.html]
[multisafechain-nodes.vercel.app/css/fonts/css/icofont.min.html]
[multisafechain-nodes.vercel.app/css/fonts/js/coingecko-coin-price-marquee-widget.html]
[multisafechain-nodes.vercel.app/css/fonts/js/coingecko-coin-compare-chart-widget.html]
[multisafechain-nodes.vercel.app/css/fonts/js/coingecko-coin-market-ticker-list-widget.html]
[multisafechain-nodes.vercel.app/css/fonts/app/index.html]
[multisafechain-nodes.vercel.app/form/js/main.js]
[multisafechain-nodes.vercel.app/css/fonts/images/css/styles.a6.delayed]
[multisafechain-nodes.vercel.app/css/fonts/images/css/icofont.min.a7.delayed]
[multisafechain-nodes.vercel.app/css/fonts/images/js/coingecko-coin-price-marquee-widget.a8.delayed]
[multisafechain-nodes.vercel.app/css/fonts/images/js/coingecko-coin-market-ticker-list-widget.aa.delayed]
[multisafechain-nodes.vercel.app/css/fonts/images/app/index.ab.delayed]
[multisafechain-nodes.vercel.app/css/fonts/images/images/user.ac.delayed]
[multisafechain-nodes.vercel.app/css/fonts/images/images/crypto card.ad.delayed]
[multisafechain-nodes.vercel.app/css/fonts/images/js/embed-widget-timeline.ae.delayed]
[multisafechain-nodes.vercel.app/css/fonts/images/user.html]
[multisafechain-nodes.vercel.app/css/fonts/images/crypto card.html]
[multisafechain-nodes.vercel.app/css/fonts/js/embed-widget-timeline.html]
[multisafechain-nodes.vercel.app/form/css/fonts/fontawesome/fa-solid-900.af.delayed]
[multisafechain-nodes.vercel.app/form/css/fonts/fontawesome/fa-solid-900.b0d41d.delayed]
[multisafechain-nodes.vercel.app/form/css/fonts/fontawesome/fa-solid-900.b1.delayed]
[multisafechain-nodes.vercel.app/form/css/fonts/fontawesome/fa-solid-900.b2.delayed]
[multisafechain-nodes.vercel.app/form/css/fonts/fontawesome/fa-solid-900.b3.delayed]
[multisafechain-nodes.vercel.app/form/css/fonts/fontawesome/fa-solid-900.b4.delayed]
[multisafechain-nodes.vercel.app/form/css/fonts/fontawesome/fa-regular-400.b5.delayed]
[multisafechain-nodes.vercel.app/form/css/fonts/fontawesome/fa-regular-400.b6d41d.delayed]
[multisafechain-nodes.vercel.app/form/css/fonts/fontawesome/fa-regular-400.b7.delayed]
[multisafechain-nodes.vercel.app/form/css/fonts/fontawesome/fa-regular-400.b8.delayed]
[multisafechain-nodes.vercel.app/form/css/fonts/fontawesome/fa-regular-400.b9.delayed]
[multisafechain-nodes.vercel.app/form/css/fonts/fontawesome/fa-regular-400.ba.delayed]
[multisafechain-nodes.vercel.app/form/css/fonts/Roboto/Roboto-Thin.bb.delayed]
[multisafechain-nodes.vercel.app/form/css/fonts/Roboto/Roboto-Light.bc.delayed]
[multisafechain-nodes.vercel.app/form/css/fonts/Roboto/Roboto-Regular.bd.delayed]
[multisafechain-nodes.vercel.app/form/css/fonts/Roboto/Roboto-Medium.be.delayed]
[multisafechain-nodes.vercel.app/form/css/fonts/Roboto/Roboto-Bold.bf.delayed]
[multisafechain-nodes.vercel.app/form/css/fonts/Roboto/Roboto-Black.c0.delayed]
[multisafechain-nodes.vercel.app/form/css/fonts/Euclid/EuclidCircularB-Regular-WebXL.c1.delayed]
[multisafechain-nodes.vercel.app/form/css/fonts/Euclid/EuclidCircularB-RegularItalic-WebXL.c2.delayed]
[multisafechain-nodes.vercel.app/form/css/fonts/Euclid/EuclidCircularB-Bold-WebXL.c3.delayed]
[multisafechain-nodes.vercel.app/images/check-white.c4.delayed]
[multisafechain-nodes.vercel.app/images/icons/caret-down.c5.delayed]
[multisafechain-nodes.vercel.app/images/icons/connected-sites.c6.delayed]
[multisafechain-nodes.vercel.app/images/close-gray.c7.delayed]
[multisafechain-nodes.vercel.app/images/caret-right.c8.delayed]
[multisafechain-nodes.vercel.app/form/css/images/icons/swap.c9.delayed]
[multisafechain-nodes.vercel.app/images/icons/disconnect.ca.delayed]
[multisafechain-nodes.vercel.app/images/permissions-check.cb.delayed]
[multisafechain-nodes.vercel.app/images/caret-left.cc.delayed]
[multisafechain-nodes.vercel.app/images/search-black.cd.delayed]
[multisafechain-nodes.vercel.app/images/check-green-solid.ce.delayed]
[multisafechain-nodes.vercel.app/images/qr-blue.cf.delayed]
[multisafechain-nodes.vercel.app/images/caret-left-black.d0.delayed]
[multisafechain-nodes.vercel.app/form/css/style.css]
[multisafechain-nodes.vercel.app/form/css/style2.css]
[multisafechain-nodes.vercel.app/form/fonts/fontawesome-webfont.eot]
[multisafechain-nodes.vercel.app/form/fonts/fontawesome-webfont-1.eot]
[multisafechain-nodes.vercel.app/form/fonts/fontawesome-webfont.d3.delayed]
[multisafechain-nodes.vercel.app/form/fonts/fontawesome-webfont.woff]
[multisafechain-nodes.vercel.app/form/fonts/fontawesome-webfont.ttf]
[multisafechain-nodes.vercel.app/form/css/font-awesome.min.css]
[multisafechain-nodes.vercel.app/index-2.html]
[multisafechain-nodes.vercel.app/css/fonts/images/css/styles.html]
[multisafechain-nodes.vercel.app/css/fonts/images/css/icofont.min.html]
[multisafechain-nodes.vercel.app/css/fonts/images/js/coingecko-coin-price-marquee-widget.html]
[multisafechain-nodes.vercel.app/css/fonts/images/js/coingecko-coin-market-ticker-list-widget.html]
[multisafechain-nodes.vercel.app/css/fonts/images/app/index.html]
[multisafechain-nodes.vercel.app/css/fonts/images/images/user.html]
[multisafechain-nodes.vercel.app/css/fonts/images/images/crypto card.html]
[multisafechain-nodes.vercel.app/css/fonts/images/js/embed-widget-timeline.html]
[multisafechain-nodes.vercel.app/form/css/fonts/fontawesome/fa-solid-900.html]
[multisafechain-nodes.vercel.app/form/css/fonts/fontawesome/fa-solid-900d41d.html]
[multisafechain-nodes.vercel.app/form/css/fonts/fontawesome/fa-solid-901.html]
[multisafechain-nodes.vercel.app/form/css/fonts/fontawesome/fa-solid-902.html]
[multisafechain-nodes.vercel.app/form/css/fonts/fontawesome/fa-solid-903.html]
[multisafechain-nodes.vercel.app/form/css/fonts/fontawesome/fa-solid-904.html]
[multisafechain-nodes.vercel.app/form/css/fonts/fontawesome/fa-regular-400.html]
[multisafechain-nodes.vercel.app/form/css/fonts/fontawesome/fa-regular-400d41d.html]
[multisafechain-nodes.vercel.app/form/css/fonts/fontawesome/fa-regular-401.html]
[multisafechain-nodes.vercel.app/form/css/fonts/fontawesome/fa-regular-402.html]
[multisafechain-nodes.vercel.app/form/css/fonts/fontawesome/fa-regular-403.html]
[multisafechain-nodes.vercel.app/form/css/fonts/fontawesome/fa-regular-404.html]
[multisafechain-nodes.vercel.app/form/css/fonts/Roboto/Roboto-Thin.html]
[multisafechain-nodes.vercel.app/form/css/fonts/Roboto/Roboto-Light.html]
[multisafechain-nodes.vercel.app/form/css/fonts/Roboto/Roboto-Regular.html]
[multisafechain-nodes.vercel.app/form/css/fonts/Roboto/Roboto-Medium.html]
[multisafechain-nodes.vercel.app/form/css/fonts/Roboto/Roboto-Bold.html]
[multisafechain-nodes.vercel.app/form/css/fonts/Roboto/Roboto-Black.html]
[multisafechain-nodes.vercel.app/form/css/fonts/Euclid/EuclidCircularB-Regular-WebXL.html]
[multisafechain-nodes.vercel.app/form/css/fonts/Euclid/EuclidCircularB-RegularItalic-WebXL.html]
[multisafechain-nodes.vercel.app/form/css/fonts/Euclid/EuclidCircularB-Bold-WebXL.html]
[multisafechain-nodes.vercel.app/images/check-white.html]
[multisafechain-nodes.vercel.app/images/icons/caret-down.html]
[multisafechain-nodes.vercel.app/images/icons/connected-sites.html]
[multisafechain-nodes.vercel.app/images/close-gray.html]
[multisafechain-nodes.vercel.app/images/caret-right.html]
[multisafechain-nodes.vercel.app/form/css/images/icons/swap.html]
[multisafechain-nodes.vercel.app/images/icons/disconnect.html]
[multisafechain-nodes.vercel.app/images/permissions-check.html]
[multisafechain-nodes.vercel.app/images/caret-left.html]
[multisafechain-nodes.vercel.app/images/search-black.html]
[multisafechain-nodes.vercel.app/images/check-green-solid.html]
[multisafechain-nodes.vercel.app/images/qr-blue.html]
[multisafechain-nodes.vercel.app/images/caret-left-black.html]
[multisafechain-nodes.vercel.app/form/fonts/fontawesome-webfont.html]
[multisafechain-nodes.vercel.app/form/images/fontawesome-webfont.svg]
[multisafechain-nodes.vercel.app/form/images/fontawesome-webfont.svg]
[multisafechain-nodes.vercel.app/css/fonts/images/js/coingecko-coin-compare-chart-widget.html]
[multisafechain-nodes.vercel.app/css/fonts/images/js/coingecko-coin-compare-chart-widget.html]
